// Jest Snapshot v1, https://goo.gl/fbAQLP

exports[`matches snapshot 1`] = `
<div
  className="mobile__body"
  data-testid="product-1"
>
  <div
    className="p-4"
  >
    <div
      className="flex flex-col content-center items-center space-y-8"
    >
      <figure
        style={
          Object {
            "border": "1px solid whitesmoke",
            "width": "18rem",
          }
        }
      >
        <img
          alt="img1"
          src="https://images.unsplash.com/flagged/photo-1556637640-2c80d3201be8?ixlib=rb-1.2.1&ixid=MnwxMjA3fDB8MHxwaG90by1wYWdlfHx8fGVufDB8fHx8&auto=format&fit=crop&w=750&q=80"
          style={
            Object {
              "height": "170px",
              "width": "18rem",
            }
          }
        />
        <div
          className="p-2"
        >
          <blockquote>
            air force
          </blockquote>
          <figcaption>
            <div>
              <p
                className="font-semibold text-gray-600"
              >
                1234/=
              </p>
            </div>
            <div
              className="line-through text-sm text-gray-500"
            >
              4,322/=
            </div>
            <div
              className="flex flex-row space-x-2"
            >
              45
              <svg
                className="h-5 text-gray-500"
                fill="currentColor"
                viewBox="0 0 20 20"
                xmlns="http://www.w3.org/2000/svg"
              >
                <path
                  d="M2 10.5a1.5 1.5 0 113 0v6a1.5 1.5 0 01-3 0v-6zM6 10.333v5.43a2 2 0 001.106 1.79l.05.025A4 4 0 008.943 18h5.416a2 2 0 001.962-1.608l1.2-6A2 2 0 0015.56 8H12V4a2 2 0 00-2-2 1 1 0 00-1 1v.667a4 4 0 01-.8 2.4L6.8 7.933a4 4 0 00-.8 2.4z"
                />
              </svg>
            </div>
          </figcaption>
        </div>
      </figure>
    </div>
  </div>
</div>
`;
